Turbo Assembler	 Version 5.0	    04-02-20 21:36:06	    Page 1
radBCFB5.ASM



      1	0000			     CODE SEGMENT
      2					     ASSUME CS:CODE
      3	0000  B4 25		     START: MOV	AH, 25H
      4	0002  B0 41			     MOV AL,41H
      5	0004  BA 0000s			     MOV DX, SEG myInt;	myInt是中断处理程序名称
      6	0007  8E DA			     MOV DS, DX
      7	0009  BA 0019r			     MOV DX, OFFSET myInt
      8	000C  CD 21			     INT 21H
      9	000E  B4 31			     MOV AH, 31H
     10	0010  B0 56			     MOV AL, 86	;返回码自己设置，就是Exit code
     11	0012  BA 0200			     MOV DX, 200H
     12	0015  CD 21			     INT 21H
     13	0017  EB FE			     JMP $
     14	0019			     myInt PROC	FAR
     15	0019  B8 0000			     MOV AX,0H
     16	001C  CB			     RET
     17	001D			     myInt   ENDP
     18
     19	001D			     CODE ENDS
     20				     END START
Turbo Assembler	 Version 5.0	    04-02-20 21:36:06	    Page 2
Symbol Table




Symbol Name			  Type	 Value

??DATE				  Text	 "04-02-20"
??FILENAME			  Text	 "radBCFB5"
??TIME				  Text	 "21:36:06"
??VERSION			  Number 0500
@CPU				  Text	 0101H
@CURSEG				  Text	 CODE
@FILENAME			  Text	 RADBCFB5
@WORDSIZE			  Text	 2
MYINT				  Far16	 CODE:0019
START				  Near16 CODE:0000

Groups & Segments		  Bit Size Align  Combine Class

CODE				  16  001D Para	  none
