Turbo Assembler	 Version 5.0	    04-01-20 16:45:10	    Page 1
rad943E4.ASM



      1	0000			     CODE SEGMENT
      2					     ASSUME CS:CODE
      3	0000  B4 25		     START: MOV	AH, 25H
      4	0002  B0 41			     MOV AL,41H
      5	0004  2E: 8B 16	0018r		     MOV DX, myInt; myInt是中断处理程序名称
**Error** rad943E4.ASM(5) Operand types	do not match
      6	0008  8E DA			     MOV DS, DX
      7	000A  BA 0018r			     MOV DX, OFFSET myInt
      8	000D  CD 21			     INT 21H
      9	000F  B4 31			     MOV AH, 31H
     10	0011  B0 56			     MOV AL, 86	;返回码自己设置，就是Exit code
     11	0013  BA 0200			     MOV DX, 200H
     12	0016  CD 21			     INT 21H
     13
     14	0018			     myInt PROC	FAR
     15	0018  B8 0000			     MOV AX,0H
     16	001B			     myInt   ENDP
     17
     18	001B			     CODE ENDS
     19				     END START
Turbo Assembler	 Version 5.0	    04-01-20 16:45:10	    Page 2
Symbol Table




Symbol Name			  Type	 Value

??DATE				  Text	 "04-01-20"
??FILENAME			  Text	 "rad943E4"
??TIME				  Text	 "16:45:10"
??VERSION			  Number 0500
@CPU				  Text	 0101H
@CURSEG				  Text	 CODE
@FILENAME			  Text	 RAD943E4
@WORDSIZE			  Text	 2
MYINT				  Far16	 CODE:0018
START				  Near16 CODE:0000

Groups & Segments		  Bit Size Align  Combine Class

CODE				  16  001B Para	  none
Turbo Assembler	 Version 5.0	    04-01-20 16:45:10	    Page 3
Error Summary



**Error** rad943E4.ASM(5) Operand types	do not match
